// Jest Snapshot v1, https://goo.gl/fbAQLP

exports[`<Logo /> renders the logo 1`] = `
<div>
  <div
    class="logo"
  >
    OBASE APPAREL
  </div>
</div>
`;
